../Core/Src/liquidcrystal_i2c.c:17:6:HD44780_Init	24	static
../Core/Src/liquidcrystal_i2c.c:39:6:HD44780_Clear	8	static
../Core/Src/liquidcrystal_i2c.c:44:6:HD44780_Home	8	static
../Core/Src/liquidcrystal_i2c.c:49:6:HD44780_Display	8	static
../Core/Src/liquidcrystal_i2c.c:54:6:HD44780_NoDisplay	8	static
../Core/Src/liquidcrystal_i2c.c:59:6:HD44780_SetCursor	24	static
../Core/Src/liquidcrystal_i2c.c:65:6:HD44780_PrintStr	16	static
../Core/Src/liquidcrystal_i2c.c:69:6:HD44780_ScrollDisplayLeft	8	static
../Core/Src/liquidcrystal_i2c.c:73:13:SendCommand	16	static
../Core/Src/liquidcrystal_i2c.c:77:13:SendChar	16	static
../Core/Src/liquidcrystal_i2c.c:81:13:Send	16	static
../Core/Src/liquidcrystal_i2c.c:86:13:Write4Bits	16	static
../Core/Src/liquidcrystal_i2c.c:91:13:ExpanderWrite	16	static
../Core/Src/liquidcrystal_i2c.c:109:13:PulseEnable	16	static
../Core/Src/liquidcrystal_i2c.c:116:13:DelayUS	24	static
